[tailwindcss.com/index.html]
[tailwindcss.com/apple-touch-icon.png]
[tailwindcss.com/favicon-32x32.png]
[tailwindcss.com/favicon-16x16.png]
[tailwindcss.com/manifest.json]
[backblue.gif]
[fade.gif]
[index.html]
[tailwindcss.com/safari-pinned-tab.svg]
[tailwindcss.com/img/twitter-large-card.png]
[rsms.me/inter/inter.css]
[tailwindcss.com/assets/build/css/main0871.css]
[cdn.jsdelivr.net/docsearch.js/2/docsearch.min.css]
[cdn.jsdelivr.net/gh/alpinejs/alpine@v1.11.1/dist/alpine.js]
[tailwindcss.com/docs/installation/index.html]
[tailwindcss.com/workflow-animation/index.html]
[tailwindcss.com/components/index.html]
[tailwindcss.com/screencasts/index.html]
[tailwindcss.com/resources/index.html]
[tailwindcss.com/community/index.html]
[tailwindcss.com/docs/release-notes/index.html]
[tailwindcss.com/docs/upgrading-to-v1/index.html]
[tailwindcss.com/docs/using-with-preprocessors/index.html]
[tailwindcss.com/docs/controlling-file-size/index.html]
[tailwindcss.com/docs/browser-support/index.html]
[tailwindcss.com/docs/utility-first/index.html]
[tailwindcss.com/docs/responsive-design/index.html]
[tailwindcss.com/docs/pseudo-class-variants/index.html]
[tailwindcss.com/docs/adding-base-styles/index.html]
[tailwindcss.com/docs/extracting-components/index.html]
[tailwindcss.com/docs/adding-new-utilities/index.html]
[tailwindcss.com/docs/functions-and-directives/index.html]
[tailwindcss.com/docs/configuration/index.html]
[tailwindcss.com/docs/theme/index.html]
[tailwindcss.com/docs/breakpoints/index.html]
[tailwindcss.com/docs/customizing-colors/index.html]
[tailwindcss.com/docs/customizing-spacing/index.html]
[tailwindcss.com/docs/configuring-variants/index.html]
[tailwindcss.com/docs/plugins/index.html]
[tailwindcss.com/docs/preflight/index.html]
[tailwindcss.com/docs/container/index.html]
[tailwindcss.com/docs/box-sizing/index.html]
[tailwindcss.com/docs/display/index.html]
[tailwindcss.com/docs/float/index.html]
[tailwindcss.com/docs/clear/index.html]
[tailwindcss.com/docs/object-fit/index.html]
[tailwindcss.com/docs/object-position/index.html]
[tailwindcss.com/docs/overflow/index.html]
[tailwindcss.com/docs/position/index.html]
[tailwindcss.com/docs/top-right-bottom-left/index.html]
[tailwindcss.com/docs/visibility/index.html]
[tailwindcss.com/docs/z-index/index.html]
[tailwindcss.com/docs/flex-direction/index.html]
[tailwindcss.com/docs/flex-wrap/index.html]
[tailwindcss.com/docs/align-items/index.html]
[tailwindcss.com/docs/align-content/index.html]
[tailwindcss.com/docs/justify-content/index.html]
[tailwindcss.com/docs/align-self/index.html]
[tailwindcss.com/docs/flex/index.html]
[tailwindcss.com/docs/flex-grow/index.html]
[tailwindcss.com/docs/flex-shrink/index.html]
[tailwindcss.com/docs/order/index.html]
[tailwindcss.com/docs/grid-template-columns/index.html]
[tailwindcss.com/docs/grid-column/index.html]
[tailwindcss.com/docs/grid-template-rows/index.html]
[tailwindcss.com/docs/grid-row/index.html]
[tailwindcss.com/docs/gap/index.html]
[tailwindcss.com/docs/grid-auto-flow/index.html]
[tailwindcss.com/docs/padding/index.html]
[tailwindcss.com/docs/margin/index.html]
[tailwindcss.com/docs/width/index.html]
[tailwindcss.com/docs/min-width/index.html]
[tailwindcss.com/docs/max-width/index.html]
[tailwindcss.com/docs/height/index.html]
[tailwindcss.com/docs/min-height/index.html]
[tailwindcss.com/docs/max-height/index.html]
[tailwindcss.com/docs/font-family/index.html]
[tailwindcss.com/docs/font-size/index.html]
[tailwindcss.com/docs/font-smoothing/index.html]
[tailwindcss.com/docs/font-style/index.html]
[tailwindcss.com/docs/font-weight/index.html]
[tailwindcss.com/docs/letter-spacing/index.html]
[tailwindcss.com/docs/line-height/index.html]
[tailwindcss.com/docs/list-style-type/index.html]
[tailwindcss.com/docs/list-style-position/index.html]
[tailwindcss.com/docs/placeholder-color/index.html]
[tailwindcss.com/docs/text-align/index.html]
[tailwindcss.com/docs/text-color/index.html]
[tailwindcss.com/docs/text-decoration/index.html]
[tailwindcss.com/docs/text-transform/index.html]
[tailwindcss.com/docs/vertical-align/index.html]
[tailwindcss.com/docs/word-break/index.html]
[tailwindcss.com/docs/whitespace/index.html]
[tailwindcss.com/docs/background-attachment/index.html]
[tailwindcss.com/docs/background-color/index.html]
[tailwindcss.com/docs/background-position/index.html]
[tailwindcss.com/docs/background-repeat/index.html]
[tailwindcss.com/docs/background-size/index.html]
[tailwindcss.com/docs/border-color/index.html]
[tailwindcss.com/docs/border-style/index.html]
[tailwindcss.com/docs/border-width/index.html]
[tailwindcss.com/docs/border-radius/index.html]
[tailwindcss.com/docs/border-collapse/index.html]
[tailwindcss.com/docs/table-layout/index.html]
[tailwindcss.com/docs/box-shadow/index.html]
[tailwindcss.com/docs/opacity/index.html]
[tailwindcss.com/docs/transition-property/index.html]
[tailwindcss.com/docs/transition-duration/index.html]
[tailwindcss.com/docs/transition-timing-function/index.html]
[tailwindcss.com/docs/scale/index.html]
[tailwindcss.com/docs/translate/index.html]
[tailwindcss.com/docs/rotate/index.html]
[tailwindcss.com/docs/transform-origin/index.html]
[tailwindcss.com/docs/skew/index.html]
[tailwindcss.com/docs/appearance/index.html]
[tailwindcss.com/docs/cursor/index.html]
[tailwindcss.com/docs/outline/index.html]
[tailwindcss.com/docs/resize/index.html]
[tailwindcss.com/docs/pointer-events/index.html]
[tailwindcss.com/docs/user-select/index.html]
[tailwindcss.com/docs/fill/index.html]
[tailwindcss.com/docs/stroke/index.html]
[tailwindcss.com/_div class=_none_justify-start sm_justify-center md_justify-end lg_justify-between xl_justify-around ...__  _!-- ... --__/div_]
[tailwindcss.com/docs/stroke-width/index.html]
[tailwindcss.com/img/tailwind-ui-sidebar.png]
[tailwindcss.com/img/refactoring-ui-book.png]
[tailwindcss.com/docs/screen-readers/index.html]
[tailwindcss.com/assets/build/js/app0dde.js]
[cdn.jsdelivr.net/docsearch.js/2/docsearch.min.js]
[tailwindcss.com/img/tailwind-ui-logo-on-dark.svg]
[code.jquery.com/jquery-3.4.1.min.js]
[tailwindcss.com/assets/build/js/nav9533.js]
[tailwindcss.com/index.html]
[tailwindcss.com/safari-pinned-tab.svg]
[rsms.me/inter/font-files/Inter-Thin0fe5.woff2]
[rsms.me/inter/font-files/Inter-Thin0fe5.woff]
[rsms.me/inter/font-files/Inter-ThinItalic0fe5.woff2]
[rsms.me/inter/font-files/Inter-ThinItalic0fe5.woff]
[rsms.me/inter/font-files/Inter-ExtraLight0fe5.woff2]
[rsms.me/inter/font-files/Inter-ExtraLight0fe5.woff]
[rsms.me/inter/font-files/Inter-ExtraLightItalic0fe5.woff2]
[rsms.me/inter/font-files/Inter-ExtraLightItalic0fe5.woff]
[rsms.me/inter/font-files/Inter-Light0fe5.woff2]
[rsms.me/inter/font-files/Inter-Light0fe5.woff]
[rsms.me/inter/font-files/Inter-LightItalic0fe5.woff2]
[rsms.me/inter/font-files/Inter-LightItalic0fe5.woff]
[rsms.me/inter/font-files/Inter-Regular0fe5.woff2]
[rsms.me/inter/font-files/Inter-Regular0fe5.woff]
[rsms.me/inter/font-files/Inter-Italic0fe5.woff2]
[rsms.me/inter/font-files/Inter-Italic0fe5.woff]
[rsms.me/inter/font-files/Inter-Medium0fe5.woff2]
[rsms.me/inter/font-files/Inter-Medium0fe5.woff]
[rsms.me/inter/font-files/Inter-MediumItalic0fe5.woff2]
[rsms.me/inter/font-files/Inter-MediumItalic0fe5.woff]
[rsms.me/inter/font-files/Inter-SemiBold0fe5.woff2]
[rsms.me/inter/font-files/Inter-SemiBold0fe5.woff]
[rsms.me/inter/font-files/Inter-SemiBoldItalic0fe5.woff2]
[rsms.me/inter/font-files/Inter-SemiBoldItalic0fe5.woff]
[rsms.me/inter/font-files/Inter-Bold0fe5.woff2]
[rsms.me/inter/font-files/Inter-Bold0fe5.woff]
[rsms.me/inter/font-files/Inter-BoldItalic0fe5.woff2]
[rsms.me/inter/font-files/Inter-BoldItalic0fe5.woff]
[rsms.me/inter/font-files/Inter-ExtraBold0fe5.woff2]
[rsms.me/inter/font-files/Inter-ExtraBold0fe5.woff]
[rsms.me/inter/font-files/Inter-ExtraBoldItalic0fe5.woff2]
[rsms.me/inter/font-files/Inter-ExtraBoldItalic0fe5.woff]
[rsms.me/inter/font-files/Inter-Black0fe5.woff2]
[rsms.me/inter/font-files/Inter-Black0fe5.woff]
[rsms.me/inter/font-files/Inter-BlackItalic0fe5.woff2]
[rsms.me/inter/font-files/Inter-BlackItalic0fe5.woff]
[rsms.me/inter/font-files/Inter-roman.var0fe5.woff2]
[rsms.me/inter/font-files/Inter-italic.var0fe5.woff2]
[rsms.me/inter/font-files/Inter.var0fe5.woff2]
[rsms.me/inter/inter.css]
[tailwindcss.com/assets/build/css/main0871.css]
[cdn.jsdelivr.net/docsearch.js/2/docsearch.min.css]
[tailwindcss.com/img/tailwind-twitter-square.png]
[tailwindcss.com/cdn-cgi/l/email-protection.html]
[tailwindcss.com/docs/installation/index.html]
[tailwindcss.com/cdn-cgi/scripts/5c5dd728/cloudflare-static/email-decode.min.js]
[unpkg.com/tailwindcss@1.0.0/dist/tailwind.min.css]
[tailwindcss.com/workflow-animation/index.html]
[tailwindcss.com/assets/build/js/workflow-animation6de9.js]
[tailwindcss.com/components/alerts/index.html]
[tailwindcss.com/components/buttons/index.html]
[tailwindcss.com/components/cards/index.html]
[tailwindcss.com/components/index.html]
[tailwindcss.com/components/forms/index.html]
[tailwindcss.com/img/course-twitter-card.png]
[tailwindcss.com/components/navigation/index.html]
[tailwindcss.com/components/flexbox-grids/index.html]
[tailwindcss.com/course/setting-up-tailwind-and-postcss/index.html]
[tailwindcss.com/course/the-utility-first-workflow/index.html]
[tailwindcss.com/course/responsive-design/index.html]
[tailwindcss.com/course/hover-focus-and-active-styles/index.html]
[tailwindcss.com/course/composing-utilities-with-apply/index.html]
[tailwindcss.com/course/extracting-reusable-components/index.html]
[tailwindcss.com/course/customizing-your-design-system/index.html]
[tailwindcss.com/course/optimizing-for-production/index.html]
[tailwindcss.com/course/structuring-a-basic-card/index.html]
[tailwindcss.com/course/making-text-content-feel-designed/index.html]
[tailwindcss.com/course/working-with-svg-icons/index.html]
[tailwindcss.com/course/designing-a-badge/index.html]
[tailwindcss.com/course/cropping-and-positioning-images/index.html]
[tailwindcss.com/course/locking-images-to-a-fixed-aspect-ratio/index.html]
[tailwindcss.com/course/creating-depth-with-shadows-and-layers/index.html]
[tailwindcss.com/course/building-a-navbar-layout-with-flexbox/index.html]
[tailwindcss.com/course/making-the-navbar-responsive/index.html]
[tailwindcss.com/course/toggling-the-navbar-links-on-mobile/index.html]
[tailwindcss.com/course/styling-the-basic-dropdown-elements/index.html]
[tailwindcss.com/course/positioning-the-dropdown-area/index.html]
[tailwindcss.com/course/making-the-dropdown-interactive/index.html]
[tailwindcss.com/course/adapting-the-dropdown-for-mobile/index.html]
[tailwindcss.com/img/workcation-screenshot.jpg]
[tailwindcss.com/screencasts/index.html]
[tailwindcss.com/img/resources/refactoring-ui.png]
[tailwindcss.com/img/resources/unsplash.jpg]
[tailwindcss.com/course/coming-soon/index.html]
[tailwindcss.com/img/resources/undraw.png]
[tailwindcss.com/img/resources/heroicons-ui.png]
[tailwindcss.com/img/resources/zondicons.png]
[tailwindcss.com/img/resources/entypo.png]
[tailwindcss.com/img/resources/hero-patterns.png]
[tailwindcss.com/resources/index.html]
[tailwindcss.com/community/index.html]
[tailwindcss.com/docs/release-notes/index.html]
[tailwindcss.com/docs/upgrading-to-v1/index.html]
[tailwindcss.com/docs/using-with-preprocessors/index.html]
[github.com/tailwindcss/tailwindcss/blob/master/stubs/defaultConfig.stub.html]
[tailwindcss.com/docs/controlling-file-size/index.html]
[tailwindcss.com/docs/browser-support/index.html]
[randomuser.me/api/portraits/women/17.jpg]
[tailwindcss.com/docs/utility-first/index.html]
[tailwindcss.com/docs/responsive-design/_div class=_none_bg-red-500 sm_bg-green-500 md_bg-blue-500 lg_bg-pink-500 xl_bg-teal-500___/div_]
[tailwindcss.com/docs/responsive-design/_div class=_none_bg-teal-500 md_bg-red-500 lg_bg-teal-500___/div_]
[tailwindcss.com/docs/responsive-design/index.html]
[tailwindcss.com/docs/pseudo-class-variants/_button class=_none_bg-orange-500 none_hover_bg/button_]
[tailwindcss.com/docs/pseudo-class-variants/index.html]
[tailwindcss.com/docs/adding-base-styles/index.html]
[tailwindcss.com/docs/extracting-components/index.html]
[tailwindcss.com/docs/adding-new-utilities/index.html]
[tailwindcss.com/docs/functions-and-directives/index.html]
[tailwindcss.com/docs/configuration/index.html]
[tailwindcss.com/docs/theme/index.html]
[tailwindcss.com/docs/breakpoints/index.html]
[tailwindcss.com/docs/customizing-colors/index.html]
[tailwindcss.com/docs/customizing-spacing/index.html]
[tailwindcss.com/docs/configuring-variants/index.html]
[tailwindcss.com/docs/plugins/index.html]
[tailwindcss.com/docs/core-plugins/index.html]
[tailwindcss.com/docs/preflight/index.html]
[tailwindcss.com/docs/container/index.html]
[tailwindcss.com/docs/box-sizing/index.html]
[unpkg.com/tailwindcss@1.2.0/dist/base.css]
[tailwindcss.com/docs/display/_div class=_none_flex sm_inline-flex md_block lg_hidden xl_flex ...__  _!-- ... --__/div_]
[tailwindcss.com/docs/display/index.html]
[tailwindcss.com/docs/float/index.html]
[tailwindcss.com/docs/clear/index.html]
[tailwindcss.com/docs/object-fit/_div class=_bg-gray-400__  _img class=_none_object-contain sm_object-cover md_object-fill lg_object-none xl_object-scale-down ..._ src=_...___/div_]
[tailwindcss.com/docs/object-fit/index.html]
[tailwindcss.com/docs/object-position/_img class=_none_object-center sm_object-top md_object-right lg_object-bottom xl_object-left ..._ src=_...__]
[tailwindcss.com/docs/object-position/index.html]
[tailwindcss.com/docs/overflow/_div class=_none_overflow-auto sm_overflow-visi/div_]
[tailwindcss.com/docs/overflow/index.html]
[tailwindcss.com/embeds/position-sticky/index.html]
[tailwindcss.com/docs/position/_div class=_relative h-32 bg-gray-400 p-4__  _div class=_inset-x-0 bottom-0 none_relative sm_absolute md_fixed lg_absolute xl_relative___/div__/div_]
[tailwindcss.com/docs/position/index.html]
[tailwindcss.com/docs/top-right-bottom-left/_div class=_relative h-32 bg-gray-400 p-4__  _d/div__/div_]
[tailwindcss.com/docs/top-right-bottom-left/index.html]
[tailwindcss.com/docs/visibility/_div class=_flex justify-center__  _div class=_/div_  _div class=_bg-gray-600 none_visible sm_i/div_  _div class=_bg-gray-400___/div__/div_]
[tailwindcss.com/docs/visibility/index.html]
[tailwindcss.com/docs/z-index/index.html]
[tailwindcss.com/docs/z-index/_div class=_none_z-0 sm_z-10 md_z-20 lg_z-30 xl/div__div class=_z-40 ml-4 mt-0 bg-gray-400__z-4/div__div class=_z-30 ml-6 mt-2 bg-gray-500/div_.110.delaye]
[tailwindcss.com/docs/flex-direction/_div class=_none_flex-row sm_flex-col md_flex-row-reverse lg_flex-col-reverse xl_flex-row ...__  _!-- ... --__/div_]
[tailwindcss.com/docs/flex-direction/index.html]
[tailwindcss.com/docs/flex-wrap/_div class=_none_flex-no-wrap sm_flex-wrap md_flex-wrap-reverse lg_flex-no-wrap xl_flex-wrap ...__  _!-- ... --__/div_]
[tailwindcss.com/docs/flex-wrap/index.html]
[tailwindcss.com/docs/align-items/_div class=_none_items-stretch sm_items-start md_items-center lg_items-end xl_items-baseline ...__  _!-- ... --__/div_]
[tailwindcss.com/docs/align-items/index.html]
[tailwindcss.com/docs/align-content/_div class=_none_content-start sm_content-end md_content-center lg_content-between xl_content-around ...__  _!-- ... --__/div_]
[tailwindcss.com/docs/align-content/index.html]
[tailwindcss.com/docs/align-self/_div class=_items-stretch ...__  _!-- ... --_/div_  _!-- ... --__/div_]
[tailwindcss.com/docs/align-self/index.html]
[tailwindcss.com/docs/justify-content/_div class=_none_justify-start sm_justify-center md_justify-end lg_justify-between xl_justify-around ...__  _!-- ... --__/div_]
[tailwindcss.com/docs/justify-content/index.html]
[tailwindcss.com/docs/flex/_div class=_flex ...__  _!-- ... --_  _div clas/div_  _!-- ... --__/div_]
[tailwindcss.com/docs/flex/index.html]
[tailwindcss.com/docs/flex-grow/_div class=_flex ...__  _!-- ... --_  _div clas/div_  _!-- ... --__/div_]
[tailwindcss.com/docs/flex-grow/index.html]
[tailwindcss.com/docs/flex-shrink/_div class=_flex ...__  _!-- ... --_  _div clas/div_  _!-- ... --__/div_]
[tailwindcss.com/docs/flex-shrink/index.html]
[tailwindcss.com/docs/order/_div class=_flex__  _div_1_/div_  _div_2_/div_  _div class=_none_order-first sm_order-las/div_  _div_4_/div_  _div_5_/div__/div_]
[tailwindcss.com/docs/order/index.html]
[tailwindcss.com/docs/grid-template-columns/_div class=_grid none_grid-cols-1 sm_grid-cols-2 md_grid-cols-3 lg_grid-cols-4 xl_grid-cols-6__  _!-- ... --__/div_]
[tailwindcss.com/docs/grid-template-columns/index.html]
[tailwindcss.com/docs/grid-column/index.html]
[tailwindcss.com/docs/grid-template-rows/_div class=_grid grid-flow-col none_grid-rows-2 sm_grid-rows-3 md_grid-rows-4 lg_grid-rows-5 xl_grid-rows-6 ...__  _!-- ... --__/div_]
[tailwindcss.com/docs/grid-template-rows/index.html]
[tailwindcss.com/docs/grid-row/index.html]
[tailwindcss.com/docs/gap/index.html]
[tailwindcss.com/docs/grid-auto-flow/index.html]
[tailwindcss.com/docs/grid-column/_div class=_grid grid-cols-6 gap-4__  _div clas/div_  _div class=_none_col-span-3 sm_col-span-2/div_  _div class=_none_col-span-3 sm_c/div_.128.delaye]
[tailwindcss.com/docs/padding/_div class=_none_pt-8 sm_pr-6 md_pb-4 lg_pl-2 xl_p-0 ...__  _span class=_bg-yellow-200__Target_/span__/div_]
[tailwindcss.com/docs/padding/index.html]
[tailwindcss.com/docs/margin/_div class=_bg-gray-400 ...__  _span class=_none_mt-8 sm_mr-6 md_mb-4 lg_ml-2 xl_m-0 bg-yellow-200__Target_/span__/div_]
[tailwindcss.com/docs/margin/index.html]
[tailwindcss.com/docs/width/_div class=_bg-gray-400 p-4 text-center__  _div class=_none_w-1/2 sm_w-auto md_w-full lg_w-32 xl_w-3/4 ...__    Responsive Element  _/div__/div_]
[tailwindcss.com/docs/width/index.html]
[tailwindcss.com/docs/min-width/_div class=_w-24 none_min-w-0 sm_min-w-full md_min-w-0 lg_min-w-full xl_min-w-0 ...__  Target_/div_]
[tailwindcss.com/docs/min-width/index.html]
[tailwindcss.com/docs/max-width/_div class=_none_max-w-sm sm_max-w-md md_max-w-lg lg_max-w-xl xl_max-w-2xl ...__  Target_/div_]
[tailwindcss.com/docs/max-width/index.html]
[tailwindcss.com/docs/height/_div class=_none_h-8 sm_h-12 md_h-16 lg_h-20 xl_h-24 w-32 bg-gray-400___/div_]
[tailwindcss.com/docs/height/index.html]
[tailwindcss.com/docs/min-height/_div class=_h-48 ...__  _div class=_h-24 none_min-h-full sm_min-h-0 md_min-h-full lg_min-h-0 xl_min-h-full ...__    min-h-full  _/div__/div_]
[tailwindcss.com/docs/min-height/index.html]
[tailwindcss.com/docs/max-height/_div class=_h-24 ...__  _div class=_h-48 none_m/span_  _/div__/div_]
[tailwindcss.com/docs/max-height/index.html]
[tailwindcss.com/docs/font-family/_p class=_none_font-sans sm_font-serif md_font-mono lg_font-sans xl_font-serif__  _!-- ... --__/p_]
[tailwindcss.com/docs/font-family/index.html]
[tailwindcss.com/docs/font-size/_p class=_none_text-base sm_text-lg md_text-xl lg_text-2xl xl_text-3xl ...__The quick brown fox jumped over the lazy dog._/p_]
[tailwindcss.com/docs/font-size/index.html]
[tailwindcss.com/docs/font-smoothing/_p class=_none_antialiased sm_subpixel-antialia/p_]
[tailwindcss.com/docs/font-smoothing/index.html]
[tailwindcss.com/docs/font-style/_p class=_none_italic sm_not-italic md_italic lg_not-italic xl_italic ...__  The quick brown fox jumped over the lazy dog._/p_]
[tailwindcss.com/docs/font-style/index.html]
[tailwindcss.com/docs/font-weight/_p class=_none_font-normal sm_font-bold md_font-thin lg_font-semibold xl_font-black ...__The quick brown fox jumped over the lazy dog._/p_]
[tailwindcss.com/docs/font-weight/index.html]
[tailwindcss.com/docs/letter-spacing/_p class=_none_tracking-tight sm_tracking-norma/p_]
[tailwindcss.com/docs/letter-spacing/index.html]
[tailwindcss.com/docs/line-height/_p class=_none_leading-none sm_leading-tight md_leading-normal lg_leading-relaxed xl_leading-loose ...__Lorem ipsum dolor sit amet ..._/p_]
[tailwindcss.com/docs/line-height/index.html]
[tailwindcss.com/docs/list-style-type/index.html]
[tailwindcss.com/docs/list-style-position/index.html]
[tailwindcss.com/docs/list-style-type/_ul class=_none_list-none sm_list-disc md_list-/li_  _li_Assumenda, quia temporibus eveniet a l/li_  _li_Quidem, ipsam illum quis s/ul_.14d.delaye]
[tailwindcss.com/docs/placeholder-color/_input class=_none_placeholder-gray-500 sm_placeholder-red-400 md_placeholder-blue-400 lg_placeholder-green-400 xl_placeholder-orange-400 _ plac]
[tailwindcss.com/docs/list-style-position/_ul class=_none_list-inside sm_list-outside md_/li_  _li_Assumenda, quia temporibus eveniet a l/li_  _li_Quidem, ipsam illum qu/ul_.14f.delaye]
[tailwindcss.com/docs/placeholder-color/index.html]
[tailwindcss.com/docs/text-align/_p class=_none_text-left sm_text-center md_text-right lg_text-justify xl_text-center ...__Lorem ipsum dolor sit amet ..._/p_]
[tailwindcss.com/docs/text-align/index.html]
[tailwindcss.com/docs/text-color/_div class=_none_text-blue-600 sm_text-green-600 md_text-indigo-600 lg_text-red-600 xl_text-gray-900 ...__  The quick brown fox..._/div_]
[tailwindcss.com/docs/text-color/index.html]
[tailwindcss.com/docs/text-decoration/_p class=_none_underline sm_no-underline md_line-through lg_underline xl_no-underline ...__  The quick brown fox jumped over the lazy dog._/p_]
[tailwindcss.com/docs/text-decoration/index.html]
[tailwindcss.com/docs/text-transform/_p class=_none_uppercase sm_lowercase md_capitalize lg_normal-case xl_uppercase ...__  The quick brown fox jumped over the lazy dog._/p_]
[tailwindcss.com/docs/text-transform/index.html]
[tailwindcss.com/docs/vertical-align/_div class=_leading-none relative__  _span clas/span_  _span_Lorem ipsum dolor sit amet, consec/span__/div_]
[tailwindcss.com/docs/vertical-align/index.html]
[tailwindcss.com/docs/whitespace/_div class=_none_whitespace-normal sm_whitespace-no-wrap md_whitespace-pre lg_whitespace-pre-line xl_whitespace-pre-wrap ...__..._/div_]
[tailwindcss.com/docs/whitespace/index.html]
[tailwindcss.com/docs/word-break/_p class=_none_break-normal sm_break-words md_break-all lg_truncate xl_break-normal ...__    ..._/p_]
[tailwindcss.com/docs/word-break/index.html]
[tailwindcss.com/docs/background-attachment/_div class=_none_bg-fixed sm_bg-local md_bg-scroll lg_bg-local xl_bg-fixed ...__    _!-- ... --__/div_]
[tailwindcss.com/docs/background-attachment/index.html]
[tailwindcss.com/img/transparent-bg.svg]
[tailwindcss.com/docs/background-color/_button class=_none_bg-blue-500 sm_bg-green-500 md_bg-indigo-500 lg_bg-red-500 xl_bg-black ...__Button_/button_]
[tailwindcss.com/docs/background-color/index.html]
[tailwindcss.com/docs/background-position/_div class=_none_bg-center sm_bg-top md_bg-right lg_bg-bottom xl_bg-left ..._ style=_background-image_ url(...)___/div_]
[tailwindcss.com/docs/background-position/index.html]
[tailwindcss.com/docs/background-repeat/_div class=_none_bg-repeat sm_bg-no-repeat md_bg-repeat-x lg_bg-repeat-y xl_bg-no-repeat ..._ style=_background-image_ url(...)___/div_]
[tailwindcss.com/docs/background-repeat/index.html]
[tailwindcss.com/docs/background-size/_div class=_none_bg-auto sm_bg-cover md_bg-contain lg_bg-auto xl_bg-cover ..._ style=_background-image_ url(...)___/div_]
[tailwindcss.com/docs/background-size/index.html]
[tailwindcss.com/docs/border-color/_button class=_none_border-blue-500 sm_border-green-500 md_border-indigo-500 lg_border-red-500 xl_border-black ...__  Button_/button_]
[tailwindcss.com/docs/border-color/index.html]
[tailwindcss.com/docs/border-style/_div class=_none_border-solid sm_border-dashed md_border-dotted lg_border-double xl_border-none___/div_]
[tailwindcss.com/docs/border-style/index.html]
[tailwindcss.com/docs/border-width/_div class=_none_border-2 sm_border-t-8 md_border-r-8 lg_border-b-8 xl_border-8___/div_]
[tailwindcss.com/docs/border-width/index.html]
[tailwindcss.com/docs/border-radius/_div class=_none_rounded sm_rounded-t md_rounded-b-lg lg_rounded-none xl_rounded-r ...__  _!-- ... --__/div_]
[tailwindcss.com/docs/border-radius/index.html]
[tailwindcss.com/docs/border-collapse/index.html]
[tailwindcss.com/docs/table-layout/index.html]
[tailwindcss.com/docs/box-shadow/_div class=_none_shadow sm_shadow-md md_shadow-lg lg_shadow-xl xl_shadow-2xl ...__  _!-- ... --__/div_]
[tailwindcss.com/docs/box-shadow/index.html]
[tailwindcss.com/docs/opacity/_div class=_none_opacity-100 sm_opacity-75 md_opacity-50 lg_opacity-25 xl_opacity-0 ...__  _!-- ... --__/div_]
[tailwindcss.com/docs/opacity/index.html]
[tailwindcss.com/docs/transition-property/index.html]
[tailwindcss.com/docs/transition-duration/index.html]
[tailwindcss.com/docs/transition-timing-function/index.html]
[tailwindcss.com/docs/scale/_img class=_transform none_scale-100 sm_scale-150 md_scale-75 lg_scale-125 xl_scale-100 ...__]
[tailwindcss.com/docs/scale/index.html]
[tailwindcss.com/docs/rotate/_img class=_transform none_rotate-0 sm_rotate-45 md_rotate-90 lg_rotate-180 xl_-rotate-90...__]
[tailwindcss.com/docs/rotate/index.html]
[tailwindcss.com/docs/translate/_img class=_transform none_translate-y-6 sm_-translate-y-6 md_translate-y-2 lg_-translate-y-8 xl_translate-y-0...__]
[tailwindcss.com/docs/translate/index.html]
[tailwindcss.com/docs/skew/_img class=_transform none_skew-y-0 sm_skew-y-12 md_-skew-y-12 lg_skew-x-6 xl_-skew-x-6...__]
[tailwindcss.com/docs/skew/index.html]
[tailwindcss.com/docs/transform-origin/_img class=_origin-center sm_origin-top-left md_origin-top-right lg_origin-bottom-right xl_origin-bottom-left ...__]
[tailwindcss.com/docs/transform-origin/index.html]
[tailwindcss.com/docs/appearance/index.html]
[tailwindcss.com/docs/cursor/index.html]
[tailwindcss.com/docs/outline/index.html]
[tailwindcss.com/docs/pointer-events/index.html]
[tailwindcss.com/docs/resize/index.html]
[tailwindcss.com/docs/user-select/index.html]
[tailwindcss.com/docs/fill/index.html]
[tailwindcss.com/docs/stroke/index.html]
[tailwindcss.com/docs/stroke-width/_svg class=_none_stroke-1 sm_stroke-2 md_stroke-1 lg_stroke-0 xl_stroke-1 ...__  _!-- ... --__/svg_]
[tailwindcss.com/docs/stroke-width/index.html]
[tailwindcss.com/docs/screen-readers/index.html]
[tailwindcss.com/_div class=_none_justify-start sm_justify-center md_justify-end lg_justify-between xl_justify-around ...__  _!-- ... --__/div_.html]
[tailwindcss.com/img/tailwind-ui-logo-on-dark.svg]
[tailwindcss.com/cdn-cgi/l/email-protection.html]
[unpkg.com/tailwindcss@1.0.0/dist/tailwind.min.css]
[tailwindcss.com/components/alerts/index.html]
[tailwindcss.com/components/buttons/index.html]
[tailwindcss.com/img/card-top.jpg]
[tailwindcss.com/img/card-left.jpg]
[tailwindcss.com/img/jonathan.jpg]
[tailwindcss.com/components/cards/index.html]
[tailwindcss.com/components/forms/index.html]
[tailwindcss.com/components/flexbox-grids/index.html]
[tailwindcss.com/components/navigation/index.html]
[tailwindcss.com/course/setting-up-tailwind-and-postcss/index.html]
[tailwindcss.com/course/the-utility-first-workflow/index.html]
[tailwindcss.com/course/responsive-design/index.html]
[tailwindcss.com/course/hover-focus-and-active-styles/index.html]
[tailwindcss.com/course/composing-utilities-with-apply/index.html]
[tailwindcss.com/course/extracting-reusable-components/index.html]
[tailwindcss.com/course/customizing-your-design-system/index.html]
[tailwindcss.com/course/optimizing-for-production/index.html]
[tailwindcss.com/course/structuring-a-basic-card/index.html]
[tailwindcss.com/course/making-text-content-feel-designed/index.html]
[tailwindcss.com/course/working-with-svg-icons/index.html]
[tailwindcss.com/course/designing-a-badge/index.html]
[tailwindcss.com/course/cropping-and-positioning-images/index.html]
[tailwindcss.com/course/locking-images-to-a-fixed-aspect-ratio/index.html]
[tailwindcss.com/course/creating-depth-with-shadows-and-layers/index.html]
[tailwindcss.com/course/building-a-navbar-layout-with-flexbox/index.html]
[tailwindcss.com/course/toggling-the-navbar-links-on-mobile/index.html]
[tailwindcss.com/course/making-the-navbar-responsive/index.html]
[tailwindcss.com/course/styling-the-basic-dropdown-elements/index.html]
[tailwindcss.com/course/positioning-the-dropdown-area/index.html]
[tailwindcss.com/course/making-the-dropdown-interactive/index.html]
[tailwindcss.com/course/adapting-the-dropdown-for-mobile/index.html]
[tailwindcss.com/course/coming-soon/index.html]
[tailwindcss.com/components/flexbox-grids/_div class=_flex flex-wrap__  _div class=_none_/2 md_w-1/3 lg_w-1/4 xl_w-1/6 mb-4 bg-gray-500___/div_  _div class=_none_w-full/div_.1a0.delaye]
[github.githubassets.com/assets/frameworks-6548d5a1dd84bd83036c6a914b25b4ae.css]
[github.githubassets.com/assets/site-1cd57b56e5c8f7c49216299a13bafc79.css]
[github.githubassets.com/assets/github-697e0e90ba73ba5a5a76f3a770410fa4.css]
[github.com/fluidicon.png]
[github.com/login860e.html]
[github.com/tailwindcss/tailwindcss/blob/254252ac8eb2ce0fba69409664c5eb212d6b07e6/stubs/defaultConfig.stub.html]
[github.com/tailwindcss/tailwindcss/refs/master/stubs/defaultConfig.stubc03a.html]
[github.com/tailwindcss/tailwindcss/contributors-list/master/stubs/defaultConfig.stub.html]
[github.com/tailwindcss/tailwindcss/commits/master/stubs/defaultConfig.stubdf7a.html]
[github.com/tailwindcss/tailwindcss/commits/master/stubs/defaultConfig.stub50f5.html]
[github.com/tailwindcss/tailwindcss/commits/master/stubs/defaultConfig.stubaf4d.html]
[github.com/tailwindcss/tailwindcss/commits/master/stubs/defaultConfig.stub40ee.html]
[github.com/tailwindcss/tailwindcss/commits/master/stubs/defaultConfig.stub7d69.html]
[github.com/tailwindcss/tailwindcss/commits/master/stubs/defaultConfig.stub9dbc.html]
[github.com/tailwindcss/tailwindcss/commits/master/stubs/defaultConfig.stuba8c0.html]
[github.com/tailwindcss/tailwindcss/commits/master/stubs/defaultConfig.stubcc4f.html]
[github.com/tailwindcss/tailwindcss/commits/master/stubs/defaultConfig.stuba7dc.html]
[github.com/tailwindcss/tailwindcss/commits/master/stubs/defaultConfig.stub820a.html]
[github.com/tailwindcss/tailwindcss/commits/master/stubs/defaultConfig.stub4351.html]
[raw.githubusercontent.com/tailwindcss/tailwindcss/master/stubs/defaultConfig.stub.js]
[github.com/tailwindcss/tailwindcss/blame/master/stubs/defaultConfig.stub.html]
[github.com/tailwindcss/tailwindcss/commits/master/stubs/defaultConfig.stub.html]
[github.com/tailwindcss/tailwindcss/blame/254252ac8eb2ce0fba69409664c5eb212d6b07e6/stubs/defaultConfig.stub.html]
[github.githubassets.com/assets/compat-bootstrap-55390ac3.js]
[github.githubassets.com/assets/frameworks-7313fe29.js]
[github.com/tailwindcss/tailwindcss/blob/master/stubs/defaultConfig.stub.html]
[tailwindcss.com/docs/responsive-design/_div class=_none_bg-red-500 sm_bg-green-500 md_bg-blue-500 lg_bg-pink-500 xl_bg-teal-500___/div_.html]
[tailwindcss.com/docs/responsive-design/_div class=_none_bg-teal-500 md_bg-red-500 lg_bg-teal-500___/div_.html]
[tailwindcss.com/docs/pseudo-class-variants/_button class=_none_bg-orange-500 none_hover_bg/button_.html]
[tailwindcss.com/docs/core-plugins/index.html]
[unpkg.com/tailwindcss@1.2.0/dist/base.css]
[tailwindcss.com/docs/display/_div class=_none_flex sm_inline-flex md_block lg_hidden xl_flex ...__  _!-- ... --__/div_.html]
[tailwindcss.com/docs/object-fit/_div class=_bg-gray-400__  _img class=_none_obj/div_.html]
[tailwindcss.com/docs/object-position/_img class=_none_object-center sm_object-top md_object-right lg_object-bottom xl_object-left ..._ src=_...html]
[tailwindcss.com/docs/overflow/_div class=_none_overflow-auto sm_overflow-visi/div_.html]
[tailwindcss.com/embeds/position-sticky/index.html]
[tailwindcss.com/docs/position/_div class=_relative h-32 bg-gray-400 p-4__  _d/div__/div_.html]
[tailwindcss.com/docs/top-right-bottom-left/_div class=_relative h-32 bg-gray-400 p-4__  _d/div__/div_.html]
[tailwindcss.com/docs/visibility/_div class=_flex justify-center__  _div class=_/div_  _div class=_bg-gray-600 none_visible sm_i/div_  _div class=_bg-gray-400___/div__/div_.html]
[tailwindcss.com/docs/z-index/_div class=_none_z-0 sm_z-10 md_z-20 lg_z-30 xl/div__div class=_z-40 ml-4 mt-0 bg-gray-400__z-4/div__div class=_z-30 ml-6 mt-2 bg-gray-500/div_.110.delaye]
[tailwindcss.com/docs/flex-direction/_div class=_none_flex-row sm_flex-col md_flex-row-reverse lg_flex-col-reverse xl_flex-row ...__  _!-- ... --__/div_.html]
[tailwindcss.com/docs/flex-wrap/_div class=_none_flex-no-wrap sm_flex-wrap md_flex-wrap-reverse lg_flex-no-wrap xl_flex-wrap ...__  _!-- ... --__/div_.html]
[tailwindcss.com/docs/align-items/_div class=_none_items-stretch sm_items-start md_items-center lg_items-end xl_items-baseline ...__  _!-- ... --__/div_.html]
[tailwindcss.com/docs/align-content/_div class=_none_content-start sm_content-end md_content-center lg_content-between xl_content-around ...__  _!-- ... --__/div_.html]
[tailwindcss.com/docs/align-self/_div class=_items-stretch ...__  _!-- ... --_/div_  _!-- ... --__/div_.html]
[tailwindcss.com/docs/justify-content/_div class=_none_justify-start sm_justify-center md_justify-end lg_justify-between xl_justify-around ...__  _!-- ... --__/div_.html]
[tailwindcss.com/docs/flex/_div class=_flex ...__  _!-- ... --_  _div clas/div_  _!-- ... --__/div_.html]
[tailwindcss.com/docs/flex-grow/_div class=_flex ...__  _!-- ... --_  _div clas/div_  _!-- ... --__/div_.html]
[tailwindcss.com/docs/flex-shrink/_div class=_flex ...__  _!-- ... --_  _div clas/div_  _!-- ... --__/div_.html]
[tailwindcss.com/docs/order/_div class=_flex__  _div_1_/div_  _div_2_/div_  _div class=_none_order-first sm_order-las/div_  _div_4_/div_  _div_5_/div__/div_.html]
[tailwindcss.com/docs/grid-template-columns/_div class=_grid none_grid-cols-1 sm_grid-cols-2 md_grid-cols-3 lg_grid-cols-4 xl_grid-cols-6__  _!-- ... --__/div_.html]
[tailwindcss.com/docs/grid-column/_div class=_grid grid-cols-6 gap-4__  _div clas/div_  _div class=_none_col-span-3 sm_col-span-2/div_  _div class=_none_col-span-3 sm_c/div_.128.delaye]
[tailwindcss.com/docs/grid-template-rows/_div class=_grid grid-flow-col none_grid-rows-2 sm_grid-rows-3 md_grid-rows-4 lg_grid-rows-5 xl_grid-rows-6 ...__  _!-- ... --__/div_.html]
[tailwindcss.com/docs/padding/_div class=_none_pt-8 sm_pr-6 md_pb-4 lg_pl-2 xl_p-0 ...__  _span class=_bg-yellow-200__Target_/span__/div_.html]
[tailwindcss.com/docs/margin/_div class=_bg-gray-400 ...__  _span class=_none_mt-8 sm_mr-6 md_mb-4 lg_ml-2 xl_m-0 bg-yellow-200__Target_/span__/div_.html]
[tailwindcss.com/docs/width/_div class=_bg-gray-400 p-4 text-center__  _div class=_none_w-1/2 sm_w-auto md_w-full lg_w-32 xl_w-3/4 ...__    Responsive Element  _/div__/div_.html]
[tailwindcss.com/docs/min-width/_div class=_w-24 none_min-w-0 sm_min-w-full md_min-w-0 lg_min-w-full xl_min-w-0 ...__  Target_/div_.html]
[tailwindcss.com/docs/max-width/_div class=_none_max-w-sm sm_max-w-md md_max-w-lg lg_max-w-xl xl_max-w-2xl ...__  Target_/div_.html]
[tailwindcss.com/docs/height/_div class=_none_h-8 sm_h-12 md_h-16 lg_h-20 xl_h-24 w-32 bg-gray-400___/div_.html]
[tailwindcss.com/docs/min-height/_div class=_h-48 ...__  _div class=_h-24 none_min-h-full sm_min-h-0 md_min-h-full lg_min-h-0 xl_min-h-full ...__    min-h-full  _/div__/div_.html]
[tailwindcss.com/docs/max-height/_div class=_h-24 ...__  _div class=_h-48 none_m/span_  _/div__/div_.html]
[tailwindcss.com/docs/font-family/_p class=_none_font-sans sm_font-serif md_font-mono lg_font-sans xl_font-serif__  _!-- ... --__/p_.html]
[tailwindcss.com/docs/font-size/_p class=_none_text-base sm_text-lg md_text-xl lg_text-2xl xl_text-3xl ...__The quick brown fox jumped over the lazy dog._/p_.html]
[tailwindcss.com/docs/font-smoothing/_p class=_none_antialiased sm_subpixel-antialia/p_.html]
[tailwindcss.com/docs/font-style/_p class=_none_italic sm_not-italic md_italic lg_not-italic xl_italic ...__  The quick brown fox jumped over the lazy dog._/p_.html]
[tailwindcss.com/docs/font-weight/_p class=_none_font-normal sm_font-bold md_font-thin lg_font-semibold xl_font-black ...__The quick brown fox jumped over the lazy dog._/p_.html]
[tailwindcss.com/docs/letter-spacing/_p class=_none_tracking-tight sm_tracking-norma/p_.html]
[tailwindcss.com/docs/line-height/_p class=_none_leading-none sm_leading-tight md_leading-normal lg_leading-relaxed xl_leading-loose ...__Lorem ipsum dolor sit amet ..._/p_.html]
[tailwindcss.com/docs/list-style-type/_ul class=_none_list-none sm_list-disc md_list-/li_  _li_Assumenda, quia temporibus eveniet a l/li_  _li_Quidem, ipsam illum quis s/ul_.14d.delaye]
[tailwindcss.com/docs/list-style-position/_ul class=_none_list-inside sm_list-outside md_/li_  _li_Assumenda, quia temporibus eveniet a l/li_  _li_Quidem, ipsam illum qu/ul_.14f.delaye]
[tailwindcss.com/docs/placeholder-color/_input class=_none_placeholder-gray-500 sm_placeholder-red-400 md_placeholder-blue-400 lg_placeholder-green-400 xl_placeholder-orange-400 _ plac]
[tailwindcss.com/docs/text-align/_p class=_none_text-left sm_text-center md_text-right lg_text-justify xl_text-center ...__Lorem ipsum dolor sit amet ..._/p_.html]
[tailwindcss.com/docs/text-color/_div class=_none_text-blue-600 sm_text-green-600 md_text-indigo-600 lg_text-red-600 xl_text-gray-900 ...__  The quick brown fox..._/div_.html]
[tailwindcss.com/docs/text-decoration/_p class=_none_underline sm_no-underline md_lin/p_.html]
[tailwindcss.com/docs/text-transform/_p class=_none_uppercase sm_lowercase md_capitalize lg_normal-case xl_uppercase ...__  The quick brown fox jumped over the lazy dog._/p_.html]
[tailwindcss.com/docs/vertical-align/_div class=_leading-none relative__  _span clas/span_  _span_Lorem ipsum dolor sit amet, consec/span__/div_.html]
[tailwindcss.com/docs/whitespace/_div class=_none_whitespace-normal sm_whitespace-no-wrap md_whitespace-pre lg_whitespace-pre-line xl_whitespace-pre-wrap ...__..._/div_.html]
[tailwindcss.com/docs/word-break/_p class=_none_break-normal sm_break-words md_break-all lg_truncate xl_break-normal ...__    ..._/p_.html]
[tailwindcss.com/docs/background-attachment/_div class=_none_bg-fixed sm_bg-local md_bg-scroll lg_bg-local xl_bg-fixed ...__    _!-- ... --__/div_.html]
[tailwindcss.com/img/transparent-bg.svg]
[tailwindcss.com/docs/background-color/_button class=_none_bg-blue-500 sm_bg-green-500 md_bg-indigo-500 lg_bg-red-500 xl_bg-black ...__Button_/button_.html]
[tailwindcss.com/docs/background-position/_div class=_none_bg-center sm_bg-top md_bg-right lg_bg-bottom xl_bg-left ..._ style=_background-image_ url(...)___/div_.html]
[tailwindcss.com/docs/background-repeat/_div class=_none_bg-repeat sm_bg-no-repeat md_bg-repeat-x lg_bg-repeat-y xl_bg-no-repeat ..._ style=_background-image_ url(...)___/div_.html]
[tailwindcss.com/docs/background-size/_div class=_none_bg-auto sm_bg-cover md_bg-contain lg_bg-auto xl_bg-cover ..._ style=_background-image_ url(...)___/div_.html]
[tailwindcss.com/docs/border-color/_button class=_none_border-blue-500 sm_border-green-500 md_border-indigo-500 lg_border-red-500 xl_border-black ...__  Button_/button_.html]
[tailwindcss.com/docs/border-style/_div class=_none_border-solid sm_border-dashed md_border-dotted lg_border-double xl_border-none___/div_.html]
[tailwindcss.com/docs/border-width/_div class=_none_border-2 sm_border-t-8 md_border-r-8 lg_border-b-8 xl_border-8___/div_.html]
[tailwindcss.com/docs/border-radius/_div class=_none_rounded sm_rounded-t md_rounded-b-lg lg_rounded-none xl_rounded-r ...__  _!-- ... --__/div_.html]
[tailwindcss.com/docs/box-shadow/_div class=_none_shadow sm_shadow-md md_shadow-lg lg_shadow-xl xl_shadow-2xl ...__  _!-- ... --__/div_.html]
[tailwindcss.com/docs/opacity/_div class=_none_opacity-100 sm_opacity-75 md_opacity-50 lg_opacity-25 xl_opacity-0 ...__  _!-- ... --__/div_.html]
[tailwindcss.com/docs/scale/_img class=_transform none_scale-100 sm_scale-150 md_scale-75 lg_scale-125 xl_scale-100 ...html]
[tailwindcss.com/docs/rotate/_img class=_transform none_rotate-0 sm_rotate-45 md_rotate-90 lg_rotate-180 xl_-rotate-90...html]
[tailwindcss.com/docs/translate/_img class=_transform none_translate-y-6 sm_-translate-y-6 md_translate-y-2 lg_-translate-y-8 xl_translate-y-0...html]
[tailwindcss.com/docs/skew/_img class=_transform none_skew-y-0 sm_skew-y-12 md_-skew-y-12 lg_skew-x-6 xl_-skew-x-6...html]
[tailwindcss.com/docs/transform-origin/_img class=_origin-center sm_origin-top-left md_origin-top-right lg_origin-bottom-right xl_origin-bottom-left ...html]
[tailwindcss.com/docs/stroke-width/_svg class=_none_stroke-1 sm_stroke-2 md_stroke-1 lg_stroke-0 xl_stroke-1 ...__  _!-- ... --__/svg_.html]
[tailwindcss.com/components/flexbox-grids/_div class=_flex flex-wrap__  _div class=_none_/2 md_w-1/3 lg_w-1/4 xl_w-1/6 mb-4 bg-gray-500___/div_  _div class=_none_w-full/div_.1a0.delaye]
[github.githubassets.com/assets/github-bootstrap-a503fc0a.js]
[github.githubassets.com/images/spinners/octocat-spinner-16px.gif]
[github.githubassets.com/images/modules/ajax/success.png]
[github.githubassets.com/images/modules/ajax/error.png]
[github.githubassets.com/images/spinners/octocat-spinner-32.gif]
[github.githubassets.com/images/modules/ajax/success@2x.png]
[github.githubassets.com/images/modules/ajax/error@2x.png]
[github.githubassets.com/images/spinners/octocat-spinner-32-EAF2F5.gif]
[github.githubassets.com/images/spinners/octocat-spinner-16px-EAF2F5.gif]
[github.githubassets.com/assets/frameworks-6548d5a1dd84bd83036c6a914b25b4ae.css]
[github.githubassets.com/images/modules/site/netneutrality/netneutrality.png]
[github.githubassets.com/images/modules/site/illflow_window_ui.png]
[github.githubassets.com/images/modules/site/business-security-illflow-bg.png]
[github.githubassets.com/images/modules/site/features/actions-hero-bg.jpg]
[github.githubassets.com/assets/site-1cd57b56e5c8f7c49216299a13bafc79.css]
[github.githubassets.com/images/modules/pulls/progressive-disclosure-line@2x.png]
[github.githubassets.com/images/modules/pagehead/background-yellowhatch-v3.png]
[github.githubassets.com/images/spinners/octocat-spinner-64.gif]
[github.githubassets.com/images/modules/jobs/logo.png]
[github.githubassets.com/images/modules/commit/trans_bg.gif]
[github.githubassets.com/images/spinners/octocat-spinner-128.gif]
[github.githubassets.com/assets/github-697e0e90ba73ba5a5a76f3a770410fa4.css]
[github.com/opensearch.xml]
[github.githubassets.com/images/modules/open_graph/github-logo.png]
[github.githubassets.com/images/modules/open_graph/github-mark.png]
[github.githubassets.com/images/modules/open_graph/github-octocat.png]
[github.com/login.html]
[github.com/manifest.json]
[github.com/password_reset.html]
[github.com/join219f.html]
[github.githubassets.com/assets/unsupported-bootstrap-e32cc11f.js]
[github.com/login860e.html]
[github.com/tailwindcss/tailwindcss/blob/254252ac8eb2ce0fba69409664c5eb212d6b07e6/stubs/defaultConfig.stub.html]
[github.com/tailwindcss/tailwindcss/refs-tags/master/stubs/defaultConfig.stubb1d3.html]
[github.com/tailwindcss/tailwindcss/blob/1.1.3/stubs/defaultConfig.stub.html]
[github.com/tailwindcss/tailwindcss/blob/add-grid-row-defaults/stubs/defaultConfig.stub.html]
[github.com/tailwindcss/tailwindcss/blob/allow-plugins-to-modify-config/stubs/defaultConfig.stub.html]
[github.com/tailwindcss/tailwindcss/blob/array-config-support/stubs/defaultConfig.stub.html]
[github.com/tailwindcss/tailwindcss/blob/combine-gap-plugins/stubs/defaultConfig.stub.html]
[github.com/tailwindcss/tailwindcss/blob/fixed-line-height-values/stubs/defaultConfig.stub.html]
[github.com/tailwindcss/tailwindcss/blob/max-width-none/stubs/defaultConfig.stub.html]
[github.com/tailwindcss/tailwindcss/blob/next-patch/stubs/defaultConfig.stub.html]
[github.com/tailwindcss/tailwindcss/blob/pass-config-utils-recursively/stubs/defaultConfig.stub.html]
[github.com/tailwindcss/tailwindcss/blob/remove-inter/stubs/defaultConfig.stub.html]
[github.com/tailwindcss/tailwindcss/blob/resolve-multiple-configs/stubs/defaultConfig.stub.html]
[github.com/tailwindcss/tailwindcss/blob/revert-1336-support-import-syntax/stubs/defaultConfig.stub.html]
[github.com/tailwindcss/tailwindcss/blob/rounded-md/stubs/defaultConfig.stub.html]
[github.com/tailwindcss/tailwindcss/blob/transition-shadow/stubs/defaultConfig.stub.html]
[github.com/tailwindcss/tailwindcss/blob/use-font-sans-by-default/stubs/defaultConfig.stub.html]
[github.com/tailwindcss/tailwindcss/refs/master/stubs/defaultConfig.stubc03a.html]
[github.com/tailwindcss/tailwindcss/contributors-list/master/stubs/defaultConfig.stub.html]
[github.com/tailwindcss/tailwindcss/blob/v1.0.5/stubs/defaultConfig.stub.html]
[github.com/tailwindcss/tailwindcss/commits/master/stubs/defaultConfig.stubdf7a.html]
[github.com/tailwindcss/tailwindcss/commits/master/stubs/defaultConfig.stub50f5.html]
[github.com/tailwindcss/tailwindcss/commits/master/stubs/defaultConfig.stubaf4d.html]
[github.com/tailwindcss/tailwindcss/commits/master/stubs/defaultConfig.stub40ee.html]
[github.com/tailwindcss/tailwindcss/commits/master/stubs/defaultConfig.stub7d69.html]
[github.com/tailwindcss/tailwindcss/commits/master/stubs/defaultConfig.stub9dbc.html]
[github.com/tailwindcss/tailwindcss/commits/master/stubs/defaultConfig.stuba8c0.html]
[github.com/tailwindcss/tailwindcss/commits/master/stubs/defaultConfig.stubcc4f.html]
[github.com/tailwindcss/tailwindcss/commits/master/stubs/defaultConfig.stuba7dc.html]
[github.com/tailwindcss/tailwindcss/commits/master/stubs/defaultConfig.stub820a.html]
[github.com/tailwindcss/tailwindcss/commits/master/stubs/defaultConfig.stub4351.html]
[raw.githubusercontent.com/tailwindcss/tailwindcss/master/stubs/defaultConfig.stub.js]
[github.com/tailwindcss/tailwindcss/commits/master87dd.html]
[github.com/login8837.html]
[github.com/tailwindcss/tailwindcss/blame/b5c3035bf17707999d3b692de46f94637eb0fb41/stubs/defaultConfig.stub.html]
[github.com/tailwindcss/tailwindcss/blame/9e4f54a17f18b784a0d446b5c60ea5c9c8c34b3d/stubs/defaultConfig.stub.html]
[github.com/tailwindcss/tailwindcss/blame/6c876071c5b0517f95336a21938b97ec572b0713/stubs/defaultConfig.stub.html]
[github.com/tailwindcss/tailwindcss/blame/009f52d07fbf8fdaa10a54c3e118848ecc212a83/stubs/defaultConfig.stub.html]
[github.com/tailwindcss/tailwindcss/blame/1b29fdfc9f2f8206c9421d84f4546b53ebe6f1ee/stubs/defaultConfig.stub.html]
[github.com/tailwindcss/tailwindcss/blame/cd63948fa277a676bb2b73398f8a74b14c6149ee/stubs/defaultConfig.stub.html]
[github.com/tailwindcss/tailwindcss/blame/f07475e62189e68a9f9a6c3b6cc50c5a91f74822/stubs/defaultConfig.stub.html]
[github.com/tailwindcss/tailwindcss/blame/ecd1d102643e1c259d00b4f392bbdc71a86d8615/stubs/defaultConfig.stub.html]
[github.com/tailwindcss/tailwindcss/blame/63c3ca2708c5ab95aa75ab5dd22e716b60fe27ef/stubs/defaultConfig.stub.html]
[github.com/tailwindcss/tailwindcss/blame/a92faeefac4d9fc0ac498d707406130960821523/stubs/defaultConfig.stub.html]
[github.com/tailwindcss/tailwindcss/blame/e9b4014131bcb81212fd534addeca49f1f754930/stubs/defaultConfig.stub.html]
[github.com/tailwindcss/tailwindcss/blame/86e8e389ffb254c1f555d346a34888b9a35dc5f9/stubs/defaultConfig.stub.html]
[github.com/tailwindcss/tailwindcss/blame/fcd0f364db6faf4b6e6cae57f524c29b7a89be60/stubs/defaultConfig.stub.html]
[github.com/tailwindcss/tailwindcss/blame/55812a11c486d44fe4b4d90f8c4f3cfcf01c33de/stubs/defaultConfig.stub.html]
[github.com/tailwindcss/tailwindcss/blame/e9d8d7f45f4c5b65f8c5fd7cd980b44ec411c2b3/stubs/defaultConfig.stub.html]
[github.com/tailwindcss/tailwindcss/blame/a7aedde4ab4f666277a2ee7ba2b1061e9da69f6f/stubs/defaultConfig.stub.html]
[github.com/tailwindcss/tailwindcss/blame/8331d9fb24b94623931d4ff658d0828d7c016a14/stubs/defaultConfig.stub.html]
[github.com/tailwindcss/tailwindcss/blame/05dc027536d16b44ef0dda8c6149c6103cb37278/stubs/defaultConfig.stub.html]
[github.com/tailwindcss/tailwindcss/blame/a5fb2dfc17579f8b54eefb78fe524af3d59181b8/stubs/defaultConfig.stub.html]
[github.com/tailwindcss/tailwindcss/blame/5187825ba7aa99782362ae36c3372deed9348209/stubs/defaultConfig.stub.html]
[github.com/tailwindcss/tailwindcss/blame/c4b893bfa7ca781dd319292c1c912abe3d60e514/stubs/defaultConfig.stub.html]
[github.com/tailwindcss/tailwindcss/blame/d075773c67f5922d824a21e23d89455319365bd0/stubs/defaultConfig.stub.html]
[github.com/tailwindcss/tailwindcss/blame/505d03811ce784b7f47175cec7f7499df86cfe32/stubs/defaultConfig.stub.html]
[github.com/tailwindcss/tailwindcss/blame/a552eb185b8ca0daa3f6bbcd0193d4df7b973d73/stubs/defaultConfig.stub.html]
[github.com/tailwindcss/tailwindcss/blame/e7c64806b520c31732a41d96c48e1d34901a577c/stubs/defaultConfig.stub.html]
[github.com/tailwindcss/tailwindcss/blame/5335df2b2c89beedf88862b60173d885b6df9dc7/stubs/defaultConfig.stub.html]
[github.com/tailwindcss/tailwindcss/blame/e7c08c48e595db68a95fd95fb482e8f3f6f974c0/stubs/defaultConfig.stub.html]
[github.com/tailwindcss/tailwindcss/blame/bfae98d9150ffb197fec239b38c48d8acb88117b/stubs/defaultConfig.stub.html]
[github.com/tailwindcss/tailwindcss/blame/bb1e62998f6591bd2a7ed6e11ab8009ed98eddd8/stubs/defaultConfig.stub.html]
[github.com/tailwindcss/tailwindcss/blame/91e659f7ae17295b2b56528468340b4dff7df61b/stubs/defaultConfig.stub.html]
[github.com/tailwindcss/tailwindcss/blame/23ba99df041c715ea5aaed66043a868e402d9829/stubs/defaultConfig.stub.html]
[github.com/tailwindcss/tailwindcss/blame/9169e96075e8dcc575b210da7e50ec740a8bfd91/stubs/defaultConfig.stub.html]
[github.com/tailwindcss/tailwindcss/blame/4f3c6b4dcddea7731bec3b278987f6560cd482f2/stubs/defaultConfig.stub.html]
[github.com/tailwindcss/tailwindcss/blame/a77d7778f2e46b8bb7e3478548279490c08ba61f/stubs/defaultConfig.stub.html]
[github.com/tailwindcss/tailwindcss/blame/06352a8a596bdaba885479f622a3965bb631bd02/stubs/defaultConfig.stub.html]
[github.com/tailwindcss/tailwindcss/blame/ee6241a3b767f87136617b0d5451732ef134d2bd/stubs/defaultConfig.stub.html]
[github.com/tailwindcss/tailwindcss/blame/4c0fb9162de02f1ee1f2f0b0eb9fbb5fa11b2b39/stubs/defaultConfig.stub.html]
[github.com/tailwindcss/tailwindcss/blame/d2d081cba133736343d4d4d14c14fde712304de0/stubs/defaultConfig.stub.html]
[github.com/tailwindcss/tailwindcss/blame/2babe0cb23d9f0029bce928fb9b8fb5992785681/stubs/defaultConfig.stub.html]
[github.com/tailwindcss/tailwindcss/blame/master/stubs/defaultConfig.stub.html]
[github.com/tailwindcss/tailwindcss/blame/63b5cc28f6f2a58cec63eb6e624164140fe41958/stubs/defaultConfig.stub.html]
[github.com/loginc4aa.html]
[github.com/tailwindcss/tailwindcss/commits/master/stubs/defaultConfig.stub.html]
[github.com/tailwindcss/tailwindcss/blame/254252ac8eb2ce0fba69409664c5eb212d6b07e6/stubs/defaultConfig.stub.html]
[github.com/tailwindcss/tailwindcss/commits/master2cd0.html]
[github.com/login.html]
[github.com/password_reset.html]
[github.com/join3060.html]
[github.com/join.html]
[github.com/joinaebb.html]
[github.com/features.html]
[github.com/features/integrations.html]
[github.com/features/code-review/index.html]
[github.com/features/project-management/index.html]
[github.com/features/actions.html]
[github.com/features/packages.html]
[github.com/features/security.html]
[github.com/customer-stories49ee.html]
[github.com/security.html]
[github.com/enterprise.html]
[github.com/explore.html]
[github.com/topics.html]
[github.com/collections.html]
[github.com/trending.html]
[github.com/events.html]
[github.com/marketplace.html]
[github.com/pricing.html]
[github.com/nonprofit.html]
[github.com/signup_check/username.24afc8d.delayed]
[github.com/signup_check/email.24b.delayed]
[github.com/about.html]
[github.com/about/careers.html]
[github.com/about/press.html]
[github.com/join219f.html]
[github.com/github.html]
[github.com/tailwindcss/tailwindcss/blob/v1.2.0/stubs/defaultConfig.stub.html]
[github.com/tailwindcss/tailwindcss/blob/v1.2.0-canary.8/stubs/defaultConfig.stub.html]
[github.com/tailwindcss/tailwindcss/blob/v1.2.0-canary.7/stubs/defaultConfig.stub.html]
[github.com/tailwindcss/tailwindcss/blob/v1.2.0-canary.6/stubs/defaultConfig.stub.html]
[github.com/tailwindcss/tailwindcss/blob/v1.2.0-canary.5/stubs/defaultConfig.stub.html]
[github.com/tailwindcss/tailwindcss/blob/v1.2.0-canary.4/stubs/defaultConfig.stub.html]
[github.com/tailwindcss/tailwindcss/blob/v1.2.0-canary.3/stubs/defaultConfig.stub.html]
[github.com/tailwindcss/tailwindcss/blob/v1.2.0-canary.2/stubs/defaultConfig.stub.html]
[github.com/tailwindcss/tailwindcss/blob/v1.2.0-canary.1/stubs/defaultConfig.stub.html]
[github.com/tailwindcss/tailwindcss/blob/v1.2.0-canary.0/stubs/defaultConfig.stub.html]
[github.com/tailwindcss/tailwindcss/blob/v1.1.4/stubs/defaultConfig.stub.html]
[github.com/tailwindcss/tailwindcss/blob/v1.1.3/stubs/defaultConfig.stub.html]
[github.com/tailwindcss/tailwindcss/blob/v1.1.2/stubs/defaultConfig.stub.html]
[github.com/tailwindcss/tailwindcss/blob/v1.1.1/stubs/defaultConfig.stub.html]
[github.com/tailwindcss/tailwindcss/blob/v1.1.0/stubs/defaultConfig.stub.html]
[github.com/tailwindcss/tailwindcss/blob/v1.0.6/stubs/defaultConfig.stub.html]
[github.com/tailwindcss/tailwindcss/blob/v1.0.4/stubs/defaultConfig.stub.html]
[github.com/tailwindcss/tailwindcss/blob/v1.0.3/stubs/defaultConfig.stub.html]
[github.com/tailwindcss/tailwindcss/blob/v1.0.2/stubs/defaultConfig.stub.html]
[github.com/tailwindcss/tailwindcss/blob/v1.0.1/stubs/defaultConfig.stub.html]
[github.com/tailwindcss/tailwindcss/blob/v1.0.0/stubs/defaultConfig.stub.html]
[github.com/tailwindcss/tailwindcss/blob/v1.0.0-beta.10/stubs/defaultConfig.stub.html]
[github.com/tailwindcss/tailwindcss/blob/v1.0.0-beta.9/stubs/defaultConfig.stub.html]
[github.com/tailwindcss/tailwindcss/blob/v1.0.0-beta.8/stubs/defaultConfig.stub.html]
[github.com/tailwindcss/tailwindcss/blob/v1.0.0-beta.7/stubs/defaultConfig.stub.html]
[github.com/tailwindcss/tailwindcss/blob/v1.0.0-beta.6/stubs/defaultConfig.stub.html]
[github.com/tailwindcss/tailwindcss/blob/v1.0.0-beta.5/stubs/defaultConfig.stub.html]
[github.com/tailwindcss/tailwindcss/blob/v1.0.0-beta.4/stubs/defaultConfig.stub.html]
[github.com/tailwindcss/tailwindcss/blob/v1.0.0-beta.3/stubs/defaultConfig.stub.html]
[github.com/tailwindcss/tailwindcss/blob/v1.0.0-beta.2/stubs/defaultConfig.stub.html]
[github.com/tailwindcss/tailwindcss/blob/v1.0.0-beta.1/stubs/defaultConfig.stub.html]
[github.com/tailwindcss/tailwindcss/blob/v0.7.4/stubs/defaultConfig.stub.274.delayed]
[github.com/tailwindcss/tailwindcss/blob/v0.7.3/stubs/defaultConfig.stub.275.delayed]
[github.com/tailwindcss/tailwindcss/blob/v0.7.2/stubs/defaultConfig.stub.276.delayed]
[github.com/tailwindcss/tailwindcss/blob/v0.7.1/stubs/defaultConfig.stub.277.delayed]
[github.com/tailwindcss/tailwindcss/blob/v0.7.0/stubs/defaultConfig.stub.278.delayed]
[github.com/tailwindcss/tailwindcss/blob/v0.6.6/stubs/defaultConfig.stub.279.delayed]
[github.com/tailwindcss/tailwindcss/blob/v0.6.5/stubs/defaultConfig.stub.27a.delayed]
[github.com/tailwindcss/tailwindcss/blob/v0.6.4/stubs/defaultConfig.stub.27b.delayed]
[github.com/tailwindcss/tailwindcss/blob/v0.6.3/stubs/defaultConfig.stub.27c.delayed]
[github.com/tailwindcss/tailwindcss/blob/v0.6.2/stubs/defaultConfig.stub.27d.delayed]
[github.com/tailwindcss/tailwindcss/blob/v0.6.1/stubs/defaultConfig.stub.27e.delayed]
[github.com/tailwindcss/tailwindcss/blob/v0.6.0/stubs/defaultConfig.stub.27f.delayed]
[github.com/tailwindcss/tailwindcss/blob/v0.5.3/stubs/defaultConfig.stub.280.delayed]
[github.com/tailwindcss/tailwindcss/blob/v0.5.2/stubs/defaultConfig.stub.281.delayed]
[github.com/tailwindcss/tailwindcss/blob/v0.5.1/stubs/defaultConfig.stub.282.delayed]
[github.com/tailwindcss/tailwindcss/blob/v0.5.0/stubs/defaultConfig.stub.283.delayed]
[github.com/tailwindcss/tailwindcss/blob/v0.4.3/stubs/defaultConfig.stub.284.delayed]
[github.com/tailwindcss/tailwindcss/blob/v0.4.2/stubs/defaultConfig.stub.285.delayed]
[github.com/tailwindcss/tailwindcss/blob/v0.4.1/stubs/defaultConfig.stub.286.delayed]
[github.com/tailwindcss/tailwindcss/blob/v0.4.0/stubs/defaultConfig.stub.287.delayed]
[github.com/tailwindcss/tailwindcss/blob/v0.3.0/stubs/defaultConfig.stub.288.delayed]
[github.com/tailwindcss/tailwindcss/blob/v0.2.2/stubs/defaultConfig.stub.289.delayed]
[github.com/tailwindcss/tailwindcss/blob/v0.2.1/stubs/defaultConfig.stub.28a.delayed]
[github.com/tailwindcss/tailwindcss/blob/v0.2.0/stubs/defaultConfig.stub.28b.delayed]
[github.com/tailwindcss/tailwindcss/blob/v0.1.6/stubs/defaultConfig.stub.28c.delayed]
[github.com/tailwindcss/tailwindcss/blob/v0.1.5/stubs/defaultConfig.stub.28d.delayed]
[github.com/tailwindcss/tailwindcss/blob/v0.1.4/stubs/defaultConfig.stub.28e.delayed]
[github.com/tailwindcss/tailwindcss/blob/v0.1.3/stubs/defaultConfig.stub.28f.delayed]
[github.com/tailwindcss/tailwindcss/blob/v0.1.2/stubs/defaultConfig.stub.290.delayed]
[github.com/tailwindcss/tailwindcss/blob/v0.1.1/stubs/defaultConfig.stub.291.delayed]
[github.com/tailwindcss/tailwindcss/blob/v0.1.0/stubs/defaultConfig.stub.292.delayed]
[github.com/tailwindcss/tailwindcss/refs-tags/master/stubs/defaultConfig.stubb1d3.html]
[github.com/tailwindcss/tailwindcss/blob/1.1.3/stubs/defaultConfig.stub.html]
[github.com/tailwindcss/tailwindcss/blob/add-grid-row-defaults/stubs/defaultConfig.stub.html]
[github.com/tailwindcss/tailwindcss/blob/allow-plugins-to-modify-config/stubs/defaultConfig.stub.html]
[github.com/tailwindcss/tailwindcss/blob/array-config-support/stubs/defaultConfig.stub.html]
[github.com/tailwindcss/tailwindcss/blob/combine-gap-plugins/stubs/defaultConfig.stub.html]
[github.com/tailwindcss/tailwindcss/blob/fixed-line-height-values/stubs/defaultConfig.stub.html]
[github.com/tailwindcss/tailwindcss/blob/max-width-none/stubs/defaultConfig.stub.html]
[github.com/tailwindcss/tailwindcss/blob/next-patch/stubs/defaultConfig.stub.html]
[github.com/tailwindcss/tailwindcss/blob/pass-config-utils-recursively/stubs/defaultConfig.stub.html]
[github.com/tailwindcss/tailwindcss/blob/remove-inter/stubs/defaultConfig.stub.html]
[github.com/tailwindcss/tailwindcss/blob/resolve-multiple-configs/stubs/defaultConfig.stub.html]
[github.com/tailwindcss/tailwindcss/blob/revert-1336-support-import-syntax/stubs/defaultConfig.stub.html]
[github.com/tailwindcss/tailwindcss/blob/rounded-md/stubs/defaultConfig.stub.html]
[github.com/tailwindcss/tailwindcss/blob/transition-shadow/stubs/defaultConfig.stub.html]
[github.com/tailwindcss/tailwindcss/blob/use-font-sans-by-default/stubs/defaultConfig.stub.html]
[github.com/tailwindcss/tailwindcss/blob/v1.0.5/stubs/defaultConfig.stub.html]
[github.com/tailwindcss/tailwindcss/commits/master.atom]
[github.com/login8e6b.html]
[github.com/tailwindcss/tailwindcss/commits/master.html]
[github.com/tailwindcss/tailwindcss/commits/master/stubs.html]
[github.com/tailwindcss/tailwindcss/commits/master87dd.html]
[github.com/tailwindcss/tailwindcss/commits/master079d.html]
[github.com/login8837.html]
[github.com/tailwindcss/tailwindcss/blame/b5c3035bf17707999d3b692de46f94637eb0fb41/stubs/defaultConfig.stub.html]
[github.com/tailwindcss/tailwindcss/blame/9e4f54a17f18b784a0d446b5c60ea5c9c8c34b3d/stubs/defaultConfig.stub.html]
[github.com/joinf959.html]
[github.com/tailwindcss/tailwindcss/blame/6c876071c5b0517f95336a21938b97ec572b0713/stubs/defaultConfig.stub.html]
[github.com/tailwindcss/tailwindcss/blame/009f52d07fbf8fdaa10a54c3e118848ecc212a83/stubs/defaultConfig.stub.html]
[github.com/tailwindcss/tailwindcss/blame/1b29fdfc9f2f8206c9421d84f4546b53ebe6f1ee/stubs/defaultConfig.stub.html]
[github.com/tailwindcss/tailwindcss/blame/cd63948fa277a676bb2b73398f8a74b14c6149ee/stubs/defaultConfig.stub.html]
[github.com/tailwindcss/tailwindcss/blame/f07475e62189e68a9f9a6c3b6cc50c5a91f74822/stubs/defaultConfig.stub.html]
[github.com/tailwindcss/tailwindcss/blame/ecd1d102643e1c259d00b4f392bbdc71a86d8615/stubs/defaultConfig.stub.html]
[github.com/tailwindcss/tailwindcss/blame/63c3ca2708c5ab95aa75ab5dd22e716b60fe27ef/stubs/defaultConfig.stub.html]
[github.com/tailwindcss/tailwindcss/blame/a92faeefac4d9fc0ac498d707406130960821523/stubs/defaultConfig.stub.html]
[github.com/tailwindcss/tailwindcss/blame/e9b4014131bcb81212fd534addeca49f1f754930/stubs/defaultConfig.stub.html]
[github.com/tailwindcss/tailwindcss/blame/86e8e389ffb254c1f555d346a34888b9a35dc5f9/stubs/defaultConfig.stub.html]
[github.com/tailwindcss/tailwindcss/blame/fcd0f364db6faf4b6e6cae57f524c29b7a89be60/stubs/defaultConfig.stub.html]
[github.com/tailwindcss/tailwindcss/blame/55812a11c486d44fe4b4d90f8c4f3cfcf01c33de/stubs/defaultConfig.stub.html]
[github.com/tailwindcss/tailwindcss/blame/e9d8d7f45f4c5b65f8c5fd7cd980b44ec411c2b3/stubs/defaultConfig.stub.html]
[github.com/tailwindcss/tailwindcss/blame/a7aedde4ab4f666277a2ee7ba2b1061e9da69f6f/stubs/defaultConfig.stub.html]
[github.com/tailwindcss/tailwindcss/blame/8331d9fb24b94623931d4ff658d0828d7c016a14/stubs/defaultConfig.stub.html]
[github.com/tailwindcss/tailwindcss/blame/05dc027536d16b44ef0dda8c6149c6103cb37278/stubs/defaultConfig.stub.html]
[github.com/tailwindcss/tailwindcss/blame/a5fb2dfc17579f8b54eefb78fe524af3d59181b8/stubs/defaultConfig.stub.html]
[github.com/tailwindcss/tailwindcss/blame/5187825ba7aa99782362ae36c3372deed9348209/stubs/defaultConfig.stub.html]
[github.com/tailwindcss/tailwindcss/blame/c4b893bfa7ca781dd319292c1c912abe3d60e514/stubs/defaultConfig.stub.html]
[github.com/tailwindcss/tailwindcss/blame/d075773c67f5922d824a21e23d89455319365bd0/stubs/defaultConfig.stub.html]
[github.com/tailwindcss/tailwindcss/blame/505d03811ce784b7f47175cec7f7499df86cfe32/stubs/defaultConfig.stub.html]
[github.com/tailwindcss/tailwindcss/blame/a552eb185b8ca0daa3f6bbcd0193d4df7b973d73/stubs/defaultConfig.stub.html]
[github.com/tailwindcss/tailwindcss/blame/e7c64806b520c31732a41d96c48e1d34901a577c/stubs/defaultConfig.stub.html]
[github.com/tailwindcss/tailwindcss/blame/5335df2b2c89beedf88862b60173d885b6df9dc7/stubs/defaultConfig.stub.html]
[github.com/tailwindcss/tailwindcss/blame/e7c08c48e595db68a95fd95fb482e8f3f6f974c0/stubs/defaultConfig.stub.html]
[github.com/tailwindcss/tailwindcss/blame/bfae98d9150ffb197fec239b38c48d8acb88117b/stubs/defaultConfig.stub.html]
[github.com/tailwindcss/tailwindcss/blame/bb1e62998f6591bd2a7ed6e11ab8009ed98eddd8/stubs/defaultConfig.stub.html]
[github.com/tailwindcss/tailwindcss/blame/91e659f7ae17295b2b56528468340b4dff7df61b/stubs/defaultConfig.stub.html]
[github.com/tailwindcss/tailwindcss/blame/23ba99df041c715ea5aaed66043a868e402d9829/stubs/defaultConfig.stub.html]
[github.com/tailwindcss/tailwindcss/blame/9169e96075e8dcc575b210da7e50ec740a8bfd91/stubs/defaultConfig.stub.html]
[github.com/tailwindcss/tailwindcss/blame/4f3c6b4dcddea7731bec3b278987f6560cd482f2/stubs/defaultConfig.stub.html]
[github.com/tailwindcss/tailwindcss/blame/a77d7778f2e46b8bb7e3478548279490c08ba61f/stubs/defaultConfig.stub.html]
[github.com/tailwindcss/tailwindcss/blame/06352a8a596bdaba885479f622a3965bb631bd02/stubs/defaultConfig.stub.html]
[github.com/tailwindcss/tailwindcss/blame/ee6241a3b767f87136617b0d5451732ef134d2bd/stubs/defaultConfig.stub.html]
[github.com/tailwindcss/tailwindcss/blame/4c0fb9162de02f1ee1f2f0b0eb9fbb5fa11b2b39/stubs/defaultConfig.stub.html]
[github.com/tailwindcss/tailwindcss/blame/d2d081cba133736343d4d4d14c14fde712304de0/stubs/defaultConfig.stub.html]
[github.com/tailwindcss/tailwindcss/blame/2babe0cb23d9f0029bce928fb9b8fb5992785681/stubs/defaultConfig.stub.html]
[github.com/tailwindcss/tailwindcss/blame/63b5cc28f6f2a58cec63eb6e624164140fe41958/stubs/defaultConfig.stub.html]
[github.com/loginc4aa.html]
[github.com/join1cec.html]
[github.com/loginc597.html]
[github.com/tailwindcss/tailwindcss/commits/masterf5e0.html]
[github.com/tailwindcss/tailwindcss/commits/master2cd0.html]
[github.com/tailwindcss/tailwindcss/commits/master9b38.html]
[github.com/join3060.html]
[github.com/logindee8.html]
[github.com/join.html]
[github.com/login4c49.html]
[github.com/joinaebb.html]
[github.com/login288c.html]
[github.githubassets.com/images/modules/site/social-cards/features.png]
[github.com/login2a66.html]
[github.githubassets.com/images/modules/site/product-illo/img-actions.png]
[github.githubassets.com/images/modules/site/product-illo/img-packages.png]
[github.com/features/actions/index.html]
[github.githubassets.com/images/modules/site/product-illo/security-advisories.png]
[github.githubassets.com/images/modules/site/product-illo/img-propose-changes.png]
[github.githubassets.com/images/modules/site/product-illo/img-see-the-difference.png]
[github.githubassets.com/images/modules/site/product-illo/img-clear-feedback.png]
[github.githubassets.com/images/modules/site/product-illo/img-review-request.png]
[github.githubassets.com/images/modules/site/product-illo/img-comment-context.png]
[github.githubassets.com/images/modules/site/product-illo/img-protect-branches.png]
[github.com/personal.html]
[github.githubassets.com/images/modules/site/product-illo/img-github-desktop.png]
[github.githubassets.com/images/modules/site/product-illo/img-gh-mobile.png]
[github.com/features/integrations/index.html]
[github.com/login1256.html]
[github.com/login7f26.html]
[github.com/atom/atom.html]
[github.githubassets.com/images/modules/site/logos/atom-logo.png]
[github.com/electron/electron.html]
[github.githubassets.com/images/modules/site/logos/electron-logo.png]
[github.com/hubotio/hubot.html]
[github.githubassets.com/images/modules/site/logos/hubot-logo.png]
[github.com/git-lfs/git-lfs.html]
[github.githubassets.com/images/modules/site/logos/lfs-logo.png]
[github.githubassets.com/images/modules/site/integrators/slackhq.png]
[github.githubassets.com/images/modules/site/integrators/zenhubio.png]
[github.githubassets.com/images/modules/site/integrators/travis-ci.png]
[github.githubassets.com/images/modules/site/integrators/appveyor-logo.png]
[github.githubassets.com/images/modules/site/integrators/codacy.png]
[github.githubassets.com/images/modules/site/integrators/google.png]
[github.githubassets.com/images/modules/site/integrators/codeclimate.png]
[github.githubassets.com/images/modules/site/product-illo/img-code-hosting.png]
[github.githubassets.com/images/modules/site/product-illo/img-github-pages.png]
[github.githubassets.com/images/modules/site/product-illo/img-projects.png]
[github.githubassets.com/images/modules/site/product-illo/img-issues.png]
[github.githubassets.com/images/modules/site/product-illo/img-manage-grow-teams.png]
[github.githubassets.com/images/modules/site/product-illo/img-convos-on-topic.png]
[github.githubassets.com/images/modules/site/product-illo/img-community-guidelines.png]
[github.com/open-source.html]
[github.com/join399f.html]
[github.githubassets.com/images/modules/site/logos/airbnb-logo.png]
[github.com/enterprisec4e6.html]
[github.githubassets.com/images/modules/site/logos/ibm-logo.png]
[github.githubassets.com/images/modules/site/logos/sap-logo.png]
[github.githubassets.com/images/modules/site/logos/paypal-logo.png]
[github.githubassets.com/images/modules/site/logos/spotify-logo.png]
[github.githubassets.com/images/modules/site/logos/bloomberg-logo.png]
[github.com/features.html]
[github.com/join030b.html]
[github.githubassets.com/images/modules/site/product-illo/img-pull-request.png]
[github.githubassets.com/images/modules/site/product-illo/img-diff.png]
[github.githubassets.com/images/modules/site/product-illo/img-history.png]
[github.githubassets.com/images/modules/site/product-illo/img-blame.png]
[github.githubassets.com/images/modules/site/product-illo/img-comment-simple.png]
[github.githubassets.com/images/modules/site/product-illo/img-review-request-2.png]
[github.githubassets.com/images/modules/site/product-illo/img-reviews.png]
[github.githubassets.com/images/modules/site/product-illo/img-conflict.png]
[github.githubassets.com/images/modules/site/integrators/codecov.png]
[github.githubassets.com/images/modules/site/integrators/codacy-dark.png]
[github.githubassets.com/images/modules/site/integrators/coveralls.png]
[github.githubassets.com/images/modules/site/integrators/codefactor.png]
[github.com/features/code-review/index.html]
[github.githubassets.com/images/modules/site/product-illo/img-projects-tasks.png]
[github.githubassets.com/images/modules/site/product-illo/img-projects-mentions.png]
[github.githubassets.com/images/modules/site/product-illo/img-projects-labels.png]
[github.githubassets.com/images/modules/site/product-illo/img-projects-milestones.png]
[github.githubassets.com/images/modules/site/product-illo/img-pull-request-2.png]
[github.githubassets.com/images/modules/site/product-illo/img-project-full.png]
[github.githubassets.com/images/modules/site/integrators/codetree.png]
[github.githubassets.com/images/modules/site/integrators/stale.png]
[github.githubassets.com/images/modules/site/integrators/zube.png]
[github.com/features/project-management/index.html]
[github.com/features/code-review.html]
[github.com/features/project-management.html]
[github.githubassets.com/images/modules/site/integrators/waffleio.png]
[github.com/features/integrations.html]
[github.githubassets.com/images/modules/site/social-cards/actions.png]
[github.githubassets.com/images/modules/site/features/actions-coveralls.png]
[github.githubassets.com/images/modules/site/features/actions-axosoft.png]
[github.githubassets.com/images/modules/site/features/actions-mabl.png]
[github.com/features/actions.html]
[github.githubassets.com/images/modules/site/social-cards/package-registry.png]
[github.githubassets.com/assets/marketing-f0b6dde7.js]
[github.com/features/packages.html]
[github.githubassets.com/images/modules/site/social-cards/advanced-security.png]
[github.com/features/security.html]
[github.githubassets.com/images/modules/site/social-cards/enterprise.png]
[github.com/login5789.html]
[github.com/organizations/enterprise_plan.html]
[github.com/customer-stories/ford.html]
[customer-stories-feed.github.com/customer_stories/ford/Fordhero.jpg]
[github.com/customer-stories/wayfair.html]
[customer-stories-feed.github.com/customer_stories/wayfair/Wayfair5.jpg]
[github.com/customer-stories/delivery-hero.html]
[customer-stories-feed.github.com/customer_stories/delivery-hero/deliveryhero2.jpg]
[github.com/customer-stories/deliveroo.html]
[customer-stories-feed.github.com/customer_stories/deliveroo/deliveroo1.jpg]
[github.com/customer-stories1814.html]
[github.com/customer-stories9610.html]
[github.com/customer-stories5ba0.html]
[github.com/customer-stories5b57.html]
[github.com/customer-stories79d6.html]
[github.com/customer-storiesef48.html]
[github.com/customer-stories9f28.html]
[github.com/customer-stories7013.html]
[github.com/customer-storiesaa56.html]
[github.com/customer-storiesddc9.html]
[github.com/customer-storiesab11.html]
[github.com/customer-stories874a.html]
[github.com/customer-stories52ad.html]
[github.com/customer-storiescb36.html]
[github.com/customer-storiese976.html]
[github.com/customer-stories6c6e.html]
[github.com/customer-stories51c6.html]
[github.com/customer-stories1d43.html]
[github.com/customer-storiese510.html]
[github.com/customer-stories33b3.html]
[github.com/customer-stories9d5f.html]
[github.com/customer-storiesc406.html]
[github.com/customer-stories/adeo.html]
[customer-stories-feed.github.com/customer_stories/ADEO/adeooffice.jpg]
[github.com/customer-stories/american-airlines.html]
[customer-stories-feed.github.com/customer_stories/american-airlines/AAhero.jpg]
[github.com/customer-stories/anaplan.html]
[customer-stories-feed.github.com/customer_stories/anaplan/hero.jpg]
[github.com/customer-stories/arduino.html]
[customer-stories-feed.github.com/customer_stories/arduino/arduino-github-01.jpg]
[github.com/customer-stories/bcg-gamma.html]
[customer-stories-feed.github.com/customer_stories/bcg-gamma/BCG3.jpg]
[github.com/customer-stories/braintree.html]
[customer-stories-feed.github.com/customer_stories/braintree/hero.jpg]
[github.com/customer-stories/brother-industries.html]
[customer-stories-feed.github.com/customer_stories/brother/brother2.jpg]
[github.com/customer-stories/ch-robinson.html]
[customer-stories-feed.github.com/customer_stories/ch-robinson/hero.jpg]
[github.com/customer-stories/coinbase.html]
[customer-stories-feed.github.com/customer_stories/coinbase/hero.jpg]
[github.com/customer-stories/continental.html]
[customer-stories-feed.github.com/customer_stories/continental/ContiHero.jpg]
[github.com/customer-stories/covermymeds.html]
[customer-stories-feed.github.com/customer_stories/covermymeds/hero.jpg]
[github.com/customer-stories/cruise-automation.html]
[customer-stories-feed.github.com/customer_stories/cruise-automation/hero.jpg]
[github.com/customer-stories/cyberagent.html]
[customer-stories-feed.github.com/customer_stories/cyberagent/hero.jpg]
[github.com/customer-stories/dazn.html]
[customer-stories-feed.github.com/customer_stories/dazn/Dazn6.jpg]
[github.com/customer-stories/decathlon.html]
[customer-stories-feed.github.com/customer_stories/decathlon/Decathlon3.jpg]
[github.com/customer-stories/deutsche-boerse-group.html]
[customer-stories-feed.github.com/customer_stories/deutsche_borse/DB-Hero.jpg]
[github.com/customer-stories/dlr.html]
[customer-stories-feed.github.com/customer_stories/dlr/hero.jpg]
[github.com/customer-stories/dominion.html]
[customer-stories-feed.github.com/customer_stories/dominion/hero.jpg]
[github.com/customer-stories/dow-jones.html]
[customer-stories-feed.github.com/customer_stories/dow-jones/dowjoneshero.jpg]
[github.com/customer-stories/engie.html]
[customer-stories-feed.github.com/customer_stories/engie/engie-hero.jpg]
[github.com/customer-stories/enova.html]
[customer-stories-feed.github.com/customer_stories/enova/hero.jpg]
[github.com/customer-stories/globant.html]
[customer-stories-feed.github.com/customer_stories/globant/globant-hero.jpg]
[github.com/customer-stories/groupon.html]
[customer-stories-feed.github.com/customer_stories/groupon/hero.jpg]
[github.com/customer-stories/hootsuite.html]
[customer-stories-feed.github.com/customer_stories/hootsuite/hero.jpg]
[github.com/customer-stories/hubspot.html]
[customer-stories-feed.github.com/customer_stories/hubspot/hero.jpg]
[github.com/customer-stories/jibo.html]
[customer-stories-feed.github.com/customer_stories/jibo/hero.jpg]
[github.com/customer-stories/jpl.html]
[customer-stories-feed.github.com/customer_stories/jpl/hero.jpg]
[github.com/customer-stories/kakao.html]
[customer-stories-feed.github.com/customer_stories/kakao/hero.jpg]
[github.com/customer-stories/leapmotion.html]
[customer-stories-feed.github.com/customer_stories/leapmotion/hero.jpg]
[github.com/customer-stories/mailchimp.html]
[customer-stories-feed.github.com/customer_stories/mailchimp/hero.jpg]
[github.com/customer-stories/mapbox.html]
[customer-stories-feed.github.com/customer_stories/mapbox/hero.jpg]
[github.com/customer-stories/media-assembly.html]
[customer-stories-feed.github.com/customer_stories/media-assembly/hero.jpg]
[github.com/customer-stories/mgm-resorts.html]
[customer-stories-feed.github.com/customer_stories/mgm-resorts/hero.jpg]
[github.com/customer-stories/microsoft.html]
[customer-stories-feed.github.com/customer_stories/microsoft/msfthero.jpg]
[customer-stories-feed.github.com/customer_stories/nationwide/nw_hero.jpg]
[github.com/customer-stories/nationwide.html]
[github.com/customer-stories/nubank.html]
[customer-stories-feed.github.com/customer_stories/nubank/nubank6.jpg]
[github.com/customer-stories/omise.html]
[customer-stories-feed.github.com/customer_stories/omise/hero.jpg]
[github.com/customer-stories/peak-money.html]
[customer-stories-feed.github.com/customer_stories/peak-money/peak1.jpg]
[github.com/customer-stories/pinterest.html]
[customer-stories-feed.github.com/customer_stories/pinterest/pinterest4.jpg]
[github.com/customer-stories/qualcomm.html]
[customer-stories-feed.github.com/customer_stories/qualcomm/qualcomm_wearables3.jpg]
[github.com/customer-stories/rea-group.html]
[customer-stories-feed.github.com/customer_stories/rea-group/hero.jpg]
[github.com/customer-stories/sap.html]
[customer-stories-feed.github.com/customer_stories/sap/sap6.jpg]
[github.com/customer-stories/skyscanner.html]
[customer-stories-feed.github.com/customer_stories/skyscanner/office-1.jpg]
[github.com/customer-stories/societe-generale.html]
[customer-stories-feed.github.com/customer_stories/societe-generale/sg-hero.jpg]
[customer-stories-feed.github.com/customer_stories/spotify/spotifyhero.jpg]
[github.com/customer-stories/spotify.html]
[github.com/customer-stories/stripe.html]
[customer-stories-feed.github.com/customer_stories/stripe/Stripe5.jpg]
[github.com/customer-stories/the-hartford.html]
[customer-stories-feed.github.com/customer_stories/the-hartford/hartfordhero.jpg]
[github.com/customer-stories/trainline.html]
[customer-stories-feed.github.com/customer_stories/trainline/hero.jpg]
[github.com/customer-stories/trustpilot.html]
[customer-stories-feed.github.com/customer_stories/trustpilot/trustpilot4.jpg]
[github.com/customer-stories/twilio.html]
[customer-stories-feed.github.com/customer_stories/twilio/twiliohero.jpg]
[github.com/customer-stories/uminn.html]
[customer-stories-feed.github.com/customer_stories/uminn/hero.jpg]
[github.com/customer-stories/white-label-international-retailer.html]
[customer-stories-feed.github.com/customer_stories/white_label_international_retailer/003.png]
[github.com/customer-stories/xing.html]
[customer-stories-feed.github.com/customer_stories/xing/xing-hero.jpg]
[github.com/customer-stories/zendesk.html]
[customer-stories-feed.github.com/customer_stories/zendesk/zendesk-hero.jpg]
[github.com/customer-stories49ee.html]
[github.githubassets.com/images/modules/site/social-cards/security.png]
[github.com/loginef8d.html]
[github.com/security/trust.html]
[github.com/security/team.html]
[github.com/security/incident-response.html]
[github.com/security.html]
[github.com/advisories.html]
[github.com/logina6d8.html]
[github.com/features/insights.html]
[github.githubassets.com/images/modules/site/product-illo/security-alert-1@2x.png]
[github.com/premium-support.html]
[github.githubassets.com/images/modules/site/product-illo/security-alert-2@2x.png]
[github.githubassets.com/images/modules/site/integrators/atom.png]
[github.githubassets.com/images/modules/site/integrators/circleci.png]
[github.githubassets.com/images/modules/site/integrators/azure-pipelines.png]
[github.githubassets.com/images/modules/site/integrators/dependabot.png]
[github.githubassets.com/images/modules/site/integrators/imgbot.png]
[github.githubassets.com/images/modules/enterprise/stripe-customer-story-callout.png]
[github.com/enterprise.html]
[github.githubassets.com/images/modules/explore/social.jpg]
[github.com/loginf87c.html]
[github.com/sponsors/community.html]
[github.com/explore/email.html]
[github.com/WaykiChain/WaykiChain.html]
[github.com/WaykiChain.html]
[github.com/login922b.html]
[github.com/WaykiChain/WaykiChain/stargazers.html]
[github.com/WaykiChain/WaykiChain/issues.html]
[github.com/WaykiChain/WaykiChain/pulls.html]
[github.com/topics/c-plus-plus.html]
[github.com/topics/cryptography.html]
[github.com/topics/blockchain.html]
[github.com/topics/p2p.html]
[github.com/topics/wasm.html]
[github.com/topics/contract.html]
[github.com/topics/smart.html]
[github.com/topics/dex.html]
[github.com/topics/cdp.html]
[github.com/topics/dpos.html]
[github.com/topics/stablecoin.html]
[github.com/topics/defi.html]
[github.com/wolverinn.html]
[github.com/wolverinn/Waking-Up.html]
[github.com/logincf6d.html]
[github.com/wolverinn/Waking-Up/stargazers.html]
[github.com/wolverinn/Waking-Up/issues.html]
[github.com/wolverinn/Waking-Up/pulls.html]
[github.com/topics/python.html]
[github.com/topics/git.html]
[github.com/topics/computer-science.html]
[github.com/topics/database.html]
[github.com/topics/interview.html]
[github.com/explore.html]
[github.com/topics.html]
[github.com/collections.html]
[github.com/trending.html]
[github.com/events.html]
[github.com/marketplace.html]
[github.com/pricing.html]
[github.com/nonprofit.html]
[github.com/signup_check/usernamefc8d.html]
